dimensions=30
ground=assets/materials/grass.mat

p=spawnPosition
n=assets/materials/npc.mat
t=assets/materials/tree.mat
r=assets/materials/rock.mat
f=assets/materials/flower.mat
s=assets/materials/sappling.mat

layout
xxxxxxxxxxxxxxxxxxxxxxxxxxxxxx
xxxxxxxxxxxxxxxsxxxxxxxxxxxxxx
xxxxxxxxxxxxxxxxxxxxxxxxxxxxxx
xxxxsxxxxxxxxxxxxxfxxxxxxxrxxx
xxxxxxxxxxxxxxxxxxxxxxxxxxxxxx
xxxxxxxxxxxxxxxxxxxxxxxxxsxxxx
xxxxxxxxxxxxxxxxxxxxxxxxxxxxxx
xxxxxfxxxxxxxxxxxxtxxxxxxxxxxx
xxxxxxxxxxxxxxxxxxxxxxxxxxxxxx
xxxxxxxxxxrxxxxxxxxxxxrxxxxxxx
xxxxxxxxxxxxxxxxxxxxxxxxxxxxxx
xxxxxxxxxxxxxxxxxxxxsxxxxxfxxx
xxxxxxxxxxxxxxxxxxxxfxfxxxxxxx
xxxxxxxxtxxxxxxxxxxxxxxxxxxxxx
xxxxxxxxxxxxxxxxxxxxxxxxxxxxxx
xxxxxxxxxxxxxxxxsxxxxxxxxxsxxx
xxxxxxxxxxxxxxxxxxxxxxxxxxxxxx
xxxxxxxxxxxxxxxxffxxrxxxxxxxxx
xxxxxxxxxxxxxxxxxxxxxxxxxxxxxx
xxxxxxxsxxxxxxxxxxxxxxxxxxxxxx
xxxxxxxxxxxxxxxxxxxxxxxxxxxxxx
xxxxxxxxxxxxxxxxxxxxxxxxxxxxxx
xxxxxxxxxxxxxxxxxxxxxxxxxxxxxx
xxxxxxxxxxxxxtxxxxxxxxxxxxxxxx
xxxxxxxxsxfxxxxxxxxxxxxxxxxxxx
xxxxxxxxxxxxxxxxxxxxxxxxxxxxxx
xxxxxxxxxxxxxxxxxxxxxxxxxxxxxx
xxxxxxxxxxxxxxxxxxxxxxxxxxxxxx
xxxxxxxxxxxxxxxsxxxxxxxxxxxxxx
xxxxxxxxxxxxxxxxxxxxxxxxxxxxxp